// Jest Snapshot v1, https://goo.gl/fbAQLP

exports[`Card component Card component renders correctly 1`] = `
<div>
  No data found!
</div>
`;
